ScreenedCompany(ticker='DDD', name='DDD Corp', sector='Software', region='US', market_cap=5000000000.0, pe=7.281777777777778, ev_ebitda=5.149257142857143, pbv=2.5, roe=0.34332275390625, roic=0.2781794621394231, fcf_yield=0.128173828125, passed=True, passed_gates=('min_market_cap', 'min_years_history', 'exclude_sectors', 'max_net_debt_to_ebitda', 'min_interest_coverage', 'positive_operating_cashflow', 'max_goodwill_to_assets', 'pe_below_industry_multiple', 'fcf_yield_above', 'revenue_not_declining', 'operating_margin_not_contracting', 'roic_above_sector_wacc', 'sloan_accruals_below', 'share_count_not_diluting'), failed_gates=(), score=132.94445278403057, value_score=1.0, quality_score=1.0, growth_score=1.0, margin_of_safety=4.294445278403059)
ScreenedCompany(ticker='FFF', name='FFF Corp', sector='Software', region='US', market_cap=2200000000.0, pe=9.24695616726606, ev_ebitda=5.55091489289934, pbv=1.1, roe=0.11895806361600006, roic=0.11656045923304192, fcf_yield=0.10093411458327275, passed=True, passed_gates=('min_market_cap', 'min_years_history', 'exclude_sectors', 'max_net_debt_to_ebitda', 'min_interest_coverage', 'positive_operating_cashflow', 'max_goodwill_to_assets', 'pe_below_industry_multiple', 'fcf_yield_above', 'revenue_not_declining', 'operating_margin_not_contracting', 'roic_above_sector_wacc', 'sloan_accruals_below', 'share_count_not_diluting'), failed_gates=(), score=108.94793457557572, value_score=1.0, quality_score=0.2, growth_score=0.6, margin_of_safety=5.0947934575575715)
ScreenedCompany(ticker='AAA', name='AAA Corp', sector='Software', region='US', market_cap=2000000000.0, pe=8.278950974122067, ev_ebitda=4.719002055249578, pbv=1.0, roe=0.12078825000000004, roic=0.12117170476190482, fcf_yield=0.11273570000000004, passed=True, passed_gates=('min_market_cap', 'min_years_history', 'exclude_sectors', 'max_net_debt_to_ebitda', 'min_interest_coverage', 'positive_operating_cashflow', 'max_goodwill_to_assets', 'pe_below_industry_multiple', 'fcf_yield_above', 'revenue_not_declining', 'operating_margin_not_contracting', 'roic_above_sector_wacc', 'sloan_accruals_below', 'share_count_not_diluting'), failed_gates=(), score=108.01283779456818, value_score=1.0, quality_score=0.4, growth_score=0.4, margin_of_safety=4.801283779456818)
ScreenedCompany(ticker='BBB', name='BBB Corp', sector='Software', region='US', market_cap=3500000000.0, pe=8.159372036301892, ev_ebitda=5.391013666842324, pbv=1.75, roe=0.2144772897, roic=0.1964487638991304, fcf_yield=0.11438788783999998, passed=True, passed_gates=('min_market_cap', 'min_years_history', 'exclude_sectors', 'max_net_debt_to_ebitda', 'min_interest_coverage', 'positive_operating_cashflow', 'max_goodwill_to_assets', 'pe_below_industry_multiple', 'fcf_yield_above', 'revenue_not_declining', 'operating_margin_not_contracting', 'roic_above_sector_wacc', 'sloan_accruals_below', 'share_count_not_diluting'), failed_gates=(), score=103.65186168385362, value_score=1.0, quality_score=0.8, growth_score=0.8, margin_of_safety=2.365186168385361)
ScreenedCompany(ticker='EEE', name='EEE Corp', sector='Software', region='US', market_cap=2500000000.0, pe=10.311866621723528, ev_ebitda=5.54549271657132, pbv=1.25, roe=0.12121956633600006, roic=0.12160439035611435, fcf_yield=0.09051060953088004, passed=True, passed_gates=('min_market_cap', 'min_years_history', 'exclude_sectors', 'max_net_debt_to_ebitda', 'min_interest_coverage', 'positive_operating_cashflow', 'max_goodwill_to_assets', 'pe_below_industry_multiple', 'fcf_yield_above', 'revenue_not_declining', 'operating_margin_not_contracting', 'roic_above_sector_wacc', 'sloan_accruals_below', 'share_count_not_diluting'), failed_gates=(), score=95.20437185902414, value_score=1.0, quality_score=0.6, growth_score=0.2, margin_of_safety=3.3204371859024127)
